<html>
<body>
<pre>
<h1>µVision Build Log</h1>
<h2>Tool Versions:</h2>
IDE-Version: £gVision V5.24.2.0
Copyright (C) 2017 ARM Ltd and ARM Germany GmbH. All rights reserved.
License Information: 0 ang, 0, LIC=CRMNN-Y72P0-LU54M-X1KAH-HRE7T-QYX3T
 
Tool Versions:
Toolchain:       MDK-ARM Professional  Version: 5.24.1
Toolchain Path:  C:\Keil_v5\ARM\ARMCC\Bin
C Compiler:      Armcc.exe V5.06 update 5 (build 528)
Assembler:       Armasm.exe V5.06 update 5 (build 528)
Linker/Locator:  ArmLink.exe V5.06 update 5 (build 528)
Library Manager: ArmAr.exe V5.06 update 5 (build 528)
Hex Converter:   FromElf.exe V5.06 update 5 (build 528)
CPU DLL:         SARMCM3.DLL V5.24.1
Dialog DLL:      DARMCM1.DLL V1.18.0.0
Target DLL:      Nu_Link.dll V2.02
Dialog DLL:      TARMCM1.DLL V1.13.0.0
 
<h2>Project:</h2>
C:\Users\DIC\Desktop\12.06\A1\M451SeriesBSP_v3.01.001 - DSP_FFT\SampleCode\StdDriver\DSP_FFT\Keil\DSP_FFT.uvprojx
Project File Date:  11/07/2017

<h2>Output:</h2>
*** Using Compiler 'V5.06 update 5 (build 528)', folder: 'C:\Keil_v5\ARM\ARMCC\Bin'
Rebuild target 'DSP_FFT'
assembling startup_M451Series.s...
compiling system_M451Series.c...
compiling gpio.c...
compiling sys.c...
compiling retarget.c...
compiling timer.c...
compiling main.c...
compiling clk.c...
compiling eadc.c...
compiling GPIOConfig.c...
compiling uart.c...
compiling SystemConfig.c...
compiling analog.c...
..\..\..\..\Library\StdDriver\src\analog.c(55): warning:  #177-D: variable "j"  was declared but never referenced
  	int32_t i=0,j=0;
..\..\..\..\Library\StdDriver\src\analog.c(58): warning:  #177-D: variable "dat"  was declared but never referenced
  	float32_t dat=0;
..\..\..\..\Library\StdDriver\src\analog.c: 2 warnings, 0 errors
compiling pwm.c...
linking...
Program Size: Code=7120 RO-data=27024 RW-data=68 ZI-data=10260  
".\obj\DSP_FFT.axf" - 0 Error(s), 2 Warning(s).

<h2>Software Packages used:</h2>

Package Vendor: ARM
                http://www.keil.com/pack/ARM.CMSIS.5.1.1.pack
                ARM.CMSIS.5.1.1
                CMSIS (Cortex Microcontroller Software Interface Standard)
   * Component: CORE Version: 5.0.2

Package Vendor: Nuvoton
                http://www.nuvoton.com/hq/enu/Documents/KEILSoftwarePack/Nuvoton.NuMicro_DFP.1.1.0.pack
                Nuvoton.NuMicro_DFP.1.1.0
                Nuvoton ARM Cortex-M NuMicro Family Device Support

<h2>Collection of Component include folders:</h2>
  .\RTE\_DSP_FFT
  C:\Keil_v5\ARM\PACK\ARM\CMSIS\5.1.1\CMSIS\Include
  C:\Keil_v5\ARM\PACK\Nuvoton\NuMicro_DFP\1.1.0\Device\M451\Include

<h2>Collection of Component Files used:</h2>

   * Component: ARM::CMSIS:CORE:5.0.2
Build Time Elapsed:  00:00:02
</pre>
</body>
</html>
